<html>
<body>
<pre>
<h1>µVision Build Log</h1>
<h2>Project:</h2>
D:\MohamedWork\College\Microcontrollers\Projects\Project2\Github\Micro2_EshmawyBranch\Whole parts\PART1\PArt1.uvproj
Project File Date:  05/12/2019

<h2>Output:</h2>
Build target 'Target 1'
compiling main.c...
main.c(73): warning:  #177-D: variable "x" was declared but never referenced
        char x;
main.c: 1 warning, 0 errors
linking...
Program Size: Code=4624 RO-data=620 RW-data=32 ZI-data=640  
".\PArt1.axf" - 0 Error(s), 1 Warning(s).
Load "D:\\MohamedWork\\College\\Microcontrollers\\Projects\\Project2\\Github\\Micro2_EshmawyBranch\\Whole parts\\PART1\\PArt1.axf" 
Connecting: Mode=JTAG, Speed=1000000Hz
Erase Done.
Programming Done.
Verify OK.
</pre>
</body>
</html>
 RO-data=620 RW-data=32 ZI-data=640  
".\PArt1.axf" - 0 Error(s), 3 Warning(s).
Load "D:\\MohamedWork\\College\\Microcontrollers\\Projects\\Project2\\Github\\Micro2_EshmawyBranch\\Whole parts\\PART1\\PArt1.axf" 
Connecting: Mode=JTAG, Speed=1000000Hz
Erase Done.
Programming Done.
Verify OK.
