ARM Linker, 5.03 [Build 76] [MDK-ARM Lite]

==============================================================================

Section Cross References

    startup_tm4c123.o(STACK) refers (Special) to heapauxi.o(.text) for __use_two_region_memory
    startup_tm4c123.o(HEAP) refers (Special) to heapauxi.o(.text) for __use_two_region_memory
    startup_tm4c123.o(RESET) refers (Special) to heapauxi.o(.text) for __use_two_region_memory
    startup_tm4c123.o(RESET) refers to startup_tm4c123.o(STACK) for __initial_sp
    startup_tm4c123.o(RESET) refers to startup_tm4c123.o(.text) for Reset_Handler
    startup_tm4c123.o(RESET) refers to main.o(.text) for UART5_Handler
    startup_tm4c123.o(.text) refers (Special) to heapauxi.o(.text) for __use_two_region_memory
    startup_tm4c123.o(.text) refers to main.o(.text) for SystemInit
    startup_tm4c123.o(.text) refers to startup_tm4c123.o(HEAP) for Heap_Mem
    startup_tm4c123.o(.text) refers to startup_tm4c123.o(STACK) for Stack_Mem
    lcd.o(.text) refers to mcal_dio.o(.text) for initPin
    lcd.o(.text) refers to lcd.o(.bss) for Data
    lcd.o(.text) refers to lcd.o(.data) for ENABLE
    main.o(.text) refers to mcal_dio.o(.text) for initPin
    main.o(.text) refers to switch.o(.text) for SW2_Init
    main.o(.text) refers to pot_adc.o(.text) for Init_ADC
    main.o(.text) refers to lcd.o(.text) for LCD_init_V2
    main.o(.text) refers to mcal_uart5.o(.text) for UART5_Iterrupt_Init
    main.o(.text) refers to qeue.o(.text) for initQeue
    main.o(.text) refers to rt_memcpy_w.o(.text) for __aeabi_memcpy4
    main.o(.text) refers to main.o(.data) for blue
    main.o(.text) refers to main.o(.bss) for q
    switch.o(.text) refers to mcal_uart5.o(.text) for UART5_printChar
    switch.o(.text) refers to lcd.o(.text) for delay_milli
    mcal_pll.o(.text) refers to mcal_pll.o(.data) for busClockFreq_
    mcal_systick.o(.text) refers to mcal_pll.o(.text) for PLL_GetBusClockFreq
    mcal_systick.o(.text) refers to dflt_clz.o(x$fpl$dfltu) for __aeabi_ui2d
    mcal_systick.o(.text) refers to dmul.o(x$fpl$dmul) for __aeabi_dmul
    mcal_systick.o(.text) refers to dfixu.o(x$fpl$dfixu) for __aeabi_d2uiz
    mcal_systick.o(.text) refers to mcal_systick.o(.data) for NumTicksPer10ms
    qeue.o(.text) refers to rt_memcpy_w.o(.text) for __aeabi_memcpy4
    dfixu.o(x$fpl$dfixu) refers (Special) to usenofp.o(x$fpl$usenofp) for __I$use$fp
    dfixu.o(x$fpl$dfixu) refers to dnaninf.o(x$fpl$dnaninf) for __fpl_dnaninf
    dfixu.o(x$fpl$dfixur) refers (Special) to usenofp.o(x$fpl$usenofp) for __I$use$fp
    dfixu.o(x$fpl$dfixur) refers to dnaninf.o(x$fpl$dnaninf) for __fpl_dnaninf
    dflt_clz.o(x$fpl$dfltu) refers (Special) to usenofp.o(x$fpl$usenofp) for __I$use$fp
    dflt_clz.o(x$fpl$dflt) refers (Special) to usenofp.o(x$fpl$usenofp) for __I$use$fp
    dflt_clz.o(x$fpl$dfltn) refers (Special) to usenofp.o(x$fpl$usenofp) for __I$use$fp
    dmul.o(x$fpl$dmul) refers (Special) to usenofp.o(x$fpl$usenofp) for __I$use$fp
    dmul.o(x$fpl$dmul) refers to dretinf.o(x$fpl$dretinf) for __fpl_dretinf
    dmul.o(x$fpl$dmul) refers to dnaninf.o(x$fpl$dnaninf) for __fpl_dnaninf
    dnaninf.o(x$fpl$dnaninf) refers (Special) to usenofp.o(x$fpl$usenofp) for __I$use$fp
    dretinf.o(x$fpl$dretinf) refers (Special) to usenofp.o(x$fpl$usenofp) for __I$use$fp


==============================================================================

Removing Unused input sections from the image.

    Removing uart0.o(.text), (148 bytes).
    Removing mcal_pll.o(.text), (132 bytes).
    Removing mcal_pll.o(.data), (4 bytes).
    Removing mcal_systick.o(.text), (268 bytes).
    Removing mcal_systick.o(.data), (8 bytes).

5 unused section(s) (total 560 bytes) removed from the image.

==============================================================================

Image Symbol Table

    Local Symbols

    Symbol Name                              Value     Ov Type        Size  Object(Section)

    RESET                                    0x00000000   Section      620  startup_tm4c123.o(RESET)
    ../clib/heapaux.c                        0x00000000   Number         0  heapauxi.o ABSOLUTE
    ../clib/memcpset.s                       0x00000000   Number         0  rt_memcpy_w.o ABSOLUTE
    ../fplib/dfixu.s                         0x00000000   Number         0  dfixu.o ABSOLUTE
    ../fplib/dflt.s                          0x00000000   Number         0  dflt_clz.o ABSOLUTE
    ../fplib/dmul.s                          0x00000000   Number         0  dmul.o ABSOLUTE
    ../fplib/dnaninf.s                       0x00000000   Number         0  dnaninf.o ABSOLUTE
    ../fplib/dretinf.s                       0x00000000   Number         0  dretinf.o ABSOLUTE
    ../fplib/usenofp.s                       0x00000000   Number         0  usenofp.o ABSOLUTE
    LCD.c                                    0x00000000   Number         0  lcd.o ABSOLUTE
    MCAL\MCAL_DIO.c                          0x00000000   Number         0  mcal_dio.o ABSOLUTE
    MCAL\MCAL_PLL.c                          0x00000000   Number         0  mcal_pll.o ABSOLUTE
    MCAL\MCAL_SysTick.c                      0x00000000   Number         0  mcal_systick.o ABSOLUTE
    MCAL\MCAL_UART5.c                        0x00000000   Number         0  mcal_uart5.o ABSOLUTE
    Pot_ADC.c                                0x00000000   Number         0  pot_adc.o ABSOLUTE
    Switch.c                                 0x00000000   Number         0  switch.o ABSOLUTE
    UART0.c                                  0x00000000   Number         0  uart0.o ABSOLUTE
    dc.s                                     0x00000000   Number         0  dc.o ABSOLUTE
    extra\qeue.c                             0x00000000   Number         0  qeue.o ABSOLUTE
    main.c                                   0x00000000   Number         0  main.o ABSOLUTE
    startup_TM4C123.s                        0x00000000   Number         0  startup_tm4c123.o ABSOLUTE
    .text                                    0x0000026c   Section      276  startup_tm4c123.o(.text)
    $v0                                      0x0000026c   Number         0  startup_tm4c123.o(.text)
    .text                                    0x00000380   Section        0  lcd.o(.text)
    .text                                    0x000006d8   Section        0  main.o(.text)
    .text                                    0x00000804   Section        0  switch.o(.text)
    .text                                    0x0000097c   Section        0  pot_adc.o(.text)
    .text                                    0x00000a54   Section        0  mcal_dio.o(.text)
    .text                                    0x0000123c   Section        0  mcal_uart5.o(.text)
    .text                                    0x00001378   Section        0  qeue.o(.text)
    .text                                    0x00001410   Section      100  rt_memcpy_w.o(.text)
    .text                                    0x00001474   Section        0  heapauxi.o(.text)
    .data                                    0x20000000   Section       16  lcd.o(.data)
    .data                                    0x20000010   Section       16  main.o(.data)
    .bss                                     0x20000020   Section       32  lcd.o(.bss)
    .bss                                     0x20000040   Section       92  main.o(.bss)
    HEAP                                     0x200000a0   Section        0  startup_tm4c123.o(HEAP)
    STACK                                    0x200000a0   Section      512  startup_tm4c123.o(STACK)
    Heap_Mem                                 0x200000a0   Data           0  startup_tm4c123.o(HEAP)
    Stack_Mem                                0x200000a0   Data         512  startup_tm4c123.o(STACK)
    __initial_sp                             0x200002a0   Data           0  startup_tm4c123.o(STACK)

    Global Symbols

    Symbol Name                              Value     Ov Type        Size  Object(Section)

    BuildAttributes$$THM_ISAv4$E$P$D$K$B$S$7EM$VFPi3$EXTD16$VFPS$VFMA$PE$A:L22UL41UL21$X:L11$S22US41US21$IEEE1$IW$USESV6$~STKCKD$USESV7$~SHL$OSPACE$ROPI$EBA8$STANDARDLIB$REQ8$PRES8$EABIv2 0x00000000   Number         0  anon$$obj.o ABSOLUTE
    __Vectors                                0x00000000   Data           4  startup_tm4c123.o(RESET)
    Reset_Handler                            0x0000026d   Thumb Code     8  startup_tm4c123.o(.text)
    __Vectors_End                            0x0000026c   Data           0  startup_tm4c123.o(RESET)
    __Vectors_Size                           0x0000026c   Number         0  startup_tm4c123.o ABSOLUTE
    NMI_Handler                              0x00000275   Thumb Code     2  startup_tm4c123.o(.text)
    HardFault_Handler                        0x00000277   Thumb Code     2  startup_tm4c123.o(.text)
    MemManage_Handler                        0x00000279   Thumb Code     2  startup_tm4c123.o(.text)
    BusFault_Handler                         0x0000027b   Thumb Code     2  startup_tm4c123.o(.text)
    UsageFault_Handler                       0x0000027d   Thumb Code     2  startup_tm4c123.o(.text)
    SVC_Handler                              0x0000027f   Thumb Code     2  startup_tm4c123.o(.text)
    DebugMon_Handler                         0x00000281   Thumb Code     2  startup_tm4c123.o(.text)
    PendSV_Handler                           0x00000283   Thumb Code     2  startup_tm4c123.o(.text)
    SysTick_Handler                          0x00000285   Thumb Code     2  startup_tm4c123.o(.text)
    GPIOA_Handler                            0x00000287   Thumb Code     2  startup_tm4c123.o(.text)
    GPIOB_Handler                            0x00000289   Thumb Code     2  startup_tm4c123.o(.text)
    GPIOC_Handler                            0x0000028b   Thumb Code     2  startup_tm4c123.o(.text)
    GPIOD_Handler                            0x0000028d   Thumb Code     2  startup_tm4c123.o(.text)
    GPIOE_Handler                            0x0000028f   Thumb Code     2  startup_tm4c123.o(.text)
    UART0_Handler                            0x00000291   Thumb Code     2  startup_tm4c123.o(.text)
    UART1_Handler                            0x00000293   Thumb Code     2  startup_tm4c123.o(.text)
    SSI0_Handler                             0x00000295   Thumb Code     2  startup_tm4c123.o(.text)
    I2C0_Handler                             0x00000297   Thumb Code     2  startup_tm4c123.o(.text)
    PMW0_FAULT_Handler                       0x00000299   Thumb Code     2  startup_tm4c123.o(.text)
    PWM0_0_Handler                           0x0000029b   Thumb Code     2  startup_tm4c123.o(.text)
    PWM0_1_Handler                           0x0000029d   Thumb Code     2  startup_tm4c123.o(.text)
    PWM0_2_Handler                           0x0000029f   Thumb Code     2  startup_tm4c123.o(.text)
    QEI0_Handler                             0x000002a1   Thumb Code     2  startup_tm4c123.o(.text)
    ADC0SS0_Handler                          0x000002a3   Thumb Code     2  startup_tm4c123.o(.text)
    ADC0SS1_Handler                          0x000002a5   Thumb Code     2  startup_tm4c123.o(.text)
    ADC0SS2_Handler                          0x000002a7   Thumb Code     2  startup_tm4c123.o(.text)
    ADC0SS3_Handler                          0x000002a9   Thumb Code     2  startup_tm4c123.o(.text)
    WDT0_Handler                             0x000002ab   Thumb Code     2  startup_tm4c123.o(.text)
    TIMER0A_Handler                          0x000002ad   Thumb Code     2  startup_tm4c123.o(.text)
    TIMER0B_Handler                          0x000002af   Thumb Code     2  startup_tm4c123.o(.text)
    TIMER1A_Handler                          0x000002b1   Thumb Code     2  startup_tm4c123.o(.text)
    TIMER1B_Handler                          0x000002b3   Thumb Code     2  startup_tm4c123.o(.text)
    TIMER2A_Handler                          0x000002b5   Thumb Code     2  startup_tm4c123.o(.text)
    TIMER2B_Handler                          0x000002b7   Thumb Code     2  startup_tm4c123.o(.text)
    COMP0_Handler                            0x000002b9   Thumb Code     2  startup_tm4c123.o(.text)
    COMP1_Handler                            0x000002bb   Thumb Code     2  startup_tm4c123.o(.text)
    COMP2_Handler                            0x000002bd   Thumb Code     2  startup_tm4c123.o(.text)
    SYSCTL_Handler                           0x000002bf   Thumb Code     2  startup_tm4c123.o(.text)
    FLASH_Handler                            0x000002c1   Thumb Code     2  startup_tm4c123.o(.text)
    GPIOF_Handler                            0x000002c3   Thumb Code     2  startup_tm4c123.o(.text)
    GPIOG_Handler                            0x000002c5   Thumb Code     2  startup_tm4c123.o(.text)
    GPIOH_Handler                            0x000002c7   Thumb Code     2  startup_tm4c123.o(.text)
    UART2_Handler                            0x000002c9   Thumb Code     2  startup_tm4c123.o(.text)
    SSI1_Handler                             0x000002cb   Thumb Code     2  startup_tm4c123.o(.text)
    TIMER3A_Handler                          0x000002cd   Thumb Code     2  startup_tm4c123.o(.text)
    TIMER3B_Handler                          0x000002cf   Thumb Code     2  startup_tm4c123.o(.text)
    I2C1_Handler                             0x000002d1   Thumb Code     2  startup_tm4c123.o(.text)
    QEI1_Handler                             0x000002d3   Thumb Code     2  startup_tm4c123.o(.text)
    CAN0_Handler                             0x000002d5   Thumb Code     2  startup_tm4c123.o(.text)
    CAN1_Handler                             0x000002d7   Thumb Code     2  startup_tm4c123.o(.text)
    CAN2_Handler                             0x000002d9   Thumb Code     2  startup_tm4c123.o(.text)
    HIB_Handler                              0x000002db   Thumb Code     2  startup_tm4c123.o(.text)
    USB0_Handler                             0x000002dd   Thumb Code     2  startup_tm4c123.o(.text)
    PWM0_3_Handler                           0x000002df   Thumb Code     2  startup_tm4c123.o(.text)
    UDMA_Handler                             0x000002e1   Thumb Code     2  startup_tm4c123.o(.text)
    UDMAERR_Handler                          0x000002e3   Thumb Code     2  startup_tm4c123.o(.text)
    ADC1SS0_Handler                          0x000002e5   Thumb Code     2  startup_tm4c123.o(.text)
    ADC1SS1_Handler                          0x000002e7   Thumb Code     2  startup_tm4c123.o(.text)
    ADC1SS2_Handler                          0x000002e9   Thumb Code     2  startup_tm4c123.o(.text)
    ADC1SS3_Handler                          0x000002eb   Thumb Code     2  startup_tm4c123.o(.text)
    GPIOJ_Handler                            0x000002ed   Thumb Code     2  startup_tm4c123.o(.text)
    GPIOK_Handler                            0x000002ef   Thumb Code     2  startup_tm4c123.o(.text)
    GPIOL_Handler                            0x000002f1   Thumb Code     2  startup_tm4c123.o(.text)
    SSI2_Handler                             0x000002f3   Thumb Code     2  startup_tm4c123.o(.text)
    SSI3_Handler                             0x000002f5   Thumb Code     2  startup_tm4c123.o(.text)
    UART3_Handler                            0x000002f7   Thumb Code     2  startup_tm4c123.o(.text)
    UART4_Handler                            0x000002f9   Thumb Code     2  startup_tm4c123.o(.text)
    UART6_Handler                            0x000002fd   Thumb Code     2  startup_tm4c123.o(.text)
    UART7_Handler                            0x000002ff   Thumb Code     2  startup_tm4c123.o(.text)
    I2C2_Handler                             0x00000301   Thumb Code     2  startup_tm4c123.o(.text)
    I2C3_Handler                             0x00000303   Thumb Code     2  startup_tm4c123.o(.text)
    TIMER4A_Handler                          0x00000305   Thumb Code     2  startup_tm4c123.o(.text)
    TIMER4B_Handler                          0x00000307   Thumb Code     2  startup_tm4c123.o(.text)
    TIMER5A_Handler                          0x00000309   Thumb Code     2  startup_tm4c123.o(.text)
    TIMER5B_Handler                          0x0000030b   Thumb Code     2  startup_tm4c123.o(.text)
    WTIMER0A_Handler                         0x0000030d   Thumb Code     2  startup_tm4c123.o(.text)
    WTIMER0B_Handler                         0x0000030f   Thumb Code     2  startup_tm4c123.o(.text)
    WTIMER1A_Handler                         0x00000311   Thumb Code     2  startup_tm4c123.o(.text)
    WTIMER1B_Handler                         0x00000313   Thumb Code     2  startup_tm4c123.o(.text)
    WTIMER2A_Handler                         0x00000315   Thumb Code     2  startup_tm4c123.o(.text)
    WTIMER2B_Handler                         0x00000317   Thumb Code     2  startup_tm4c123.o(.text)
    WTIMER3A_Handler                         0x00000319   Thumb Code     2  startup_tm4c123.o(.text)
    WTIMER3B_Handler                         0x0000031b   Thumb Code     2  startup_tm4c123.o(.text)
    WTIMER4A_Handler                         0x0000031d   Thumb Code     2  startup_tm4c123.o(.text)
    WTIMER4B_Handler                         0x0000031f   Thumb Code     2  startup_tm4c123.o(.text)
    WTIMER5A_Handler                         0x00000321   Thumb Code     2  startup_tm4c123.o(.text)
    WTIMER5B_Handler                         0x00000323   Thumb Code     2  startup_tm4c123.o(.text)
    FPU_Handler                              0x00000325   Thumb Code     2  startup_tm4c123.o(.text)
    I2C4_Handler                             0x00000327   Thumb Code     2  startup_tm4c123.o(.text)
    I2C5_Handler                             0x00000329   Thumb Code     2  startup_tm4c123.o(.text)
    GPIOM_Handler                            0x0000032b   Thumb Code     2  startup_tm4c123.o(.text)
    GPION_Handler                            0x0000032d   Thumb Code     2  startup_tm4c123.o(.text)
    QEI2_Handler                             0x0000032f   Thumb Code     2  startup_tm4c123.o(.text)
    GPIOP0_Handler                           0x00000331   Thumb Code     2  startup_tm4c123.o(.text)
    GPIOP1_Handler                           0x00000333   Thumb Code     2  startup_tm4c123.o(.text)
    GPIOP2_Handler                           0x00000335   Thumb Code     2  startup_tm4c123.o(.text)
    GPIOP3_Handler                           0x00000337   Thumb Code     2  startup_tm4c123.o(.text)
    GPIOP4_Handler                           0x00000339   Thumb Code     2  startup_tm4c123.o(.text)
    GPIOP5_Handler                           0x0000033b   Thumb Code     2  startup_tm4c123.o(.text)
    GPIOP6_Handler                           0x0000033d   Thumb Code     2  startup_tm4c123.o(.text)
    GPIOP7_Handler                           0x0000033f   Thumb Code     2  startup_tm4c123.o(.text)
    GPIOQ0_Handler                           0x00000341   Thumb Code     2  startup_tm4c123.o(.text)
    GPIOQ1_Handler                           0x00000343   Thumb Code     2  startup_tm4c123.o(.text)
    GPIOQ2_Handler                           0x00000345   Thumb Code     2  startup_tm4c123.o(.text)
    GPIOQ3_Handler                           0x00000347   Thumb Code     2  startup_tm4c123.o(.text)
    GPIOQ4_Handler                           0x00000349   Thumb Code     2  startup_tm4c123.o(.text)
    GPIOQ5_Handler                           0x0000034b   Thumb Code     2  startup_tm4c123.o(.text)
    GPIOQ6_Handler                           0x0000034d   Thumb Code     2  startup_tm4c123.o(.text)
    GPIOQ7_Handler                           0x0000034f   Thumb Code     2  startup_tm4c123.o(.text)
    GPIOR_Handler                            0x00000351   Thumb Code     2  startup_tm4c123.o(.text)
    GPIOS_Handler                            0x00000353   Thumb Code     2  startup_tm4c123.o(.text)
    PMW1_0_Handler                           0x00000355   Thumb Code     2  startup_tm4c123.o(.text)
    PWM1_1_Handler                           0x00000357   Thumb Code     2  startup_tm4c123.o(.text)
    PWM1_2_Handler                           0x00000359   Thumb Code     2  startup_tm4c123.o(.text)
    PWM1_3_Handler                           0x0000035b   Thumb Code     2  startup_tm4c123.o(.text)
    PWM1_FAULT_Handler                       0x0000035d   Thumb Code     2  startup_tm4c123.o(.text)
    __user_initial_stackheap                 0x00000361   Thumb Code     0  startup_tm4c123.o(.text)
    LCD_Init_Pins                            0x00000381   Thumb Code    78  lcd.o(.text)
    delay_milli                              0x000003cf   Thumb Code    26  lcd.o(.text)
    LCD_CMD                                  0x000003e9   Thumb Code   106  lcd.o(.text)
    LCD_init                                 0x00000453   Thumb Code    68  lcd.o(.text)
    LCD_init_V2                              0x00000497   Thumb Code    82  lcd.o(.text)
    LCD_CHAR                                 0x000004e9   Thumb Code   108  lcd.o(.text)
    display_num                              0x00000555   Thumb Code    64  lcd.o(.text)
    LCD_STR                                  0x00000595   Thumb Code   128  lcd.o(.text)
    delay_micro                              0x00000615   Thumb Code    22  lcd.o(.text)
    LCD_CHAR2                                0x0000062b   Thumb Code   110  lcd.o(.text)
    ptintStringg                             0x00000699   Thumb Code    50  lcd.o(.text)
    SystemInit                               0x000006d9   Thumb Code    84  main.o(.text)
    __main                                   0x0000072d   Thumb Code   116  main.o(.text)
    UART5_Handler                            0x000007a1   Thumb Code    48  main.o(.text)
    SW1_Init                                 0x00000805   Thumb Code   122  switch.o(.text)
    SW2_Init                                 0x0000087f   Thumb Code   124  switch.o(.text)
    SW1_Input                                0x000008fb   Thumb Code    10  switch.o(.text)
    SW2_Input                                0x00000905   Thumb Code    10  switch.o(.text)
    read_send2                               0x0000090f   Thumb Code    88  switch.o(.text)
    Init_ADC                                 0x0000097d   Thumb Code   124  pot_adc.o(.text)
    SendSample                               0x000009f9   Thumb Code    66  pot_adc.o(.text)
    initPin                                  0x00000a55   Thumb Code  1598  mcal_dio.o(.text)
    setPin                                   0x00001093   Thumb Code   280  mcal_dio.o(.text)
    setPins                                  0x000011ab   Thumb Code    52  mcal_dio.o(.text)
    readPin                                  0x000011df   Thumb Code    86  mcal_dio.o(.text)
    UART5_init                               0x0000123d   Thumb Code    98  mcal_uart5.o(.text)
    UART5_printChar                          0x0000129f   Thumb Code    18  mcal_uart5.o(.text)
    UART5_getChar                            0x000012b1   Thumb Code    46  mcal_uart5.o(.text)
    UART5_Iterrupt_Init                      0x000012df   Thumb Code   134  mcal_uart5.o(.text)
    initQeue                                 0x00001379   Thumb Code    32  qeue.o(.text)
    peek                                     0x00001399   Thumb Code    10  qeue.o(.text)
    isEmpty                                  0x000013a3   Thumb Code    14  qeue.o(.text)
    isFull                                   0x000013b1   Thumb Code    16  qeue.o(.text)
    size                                     0x000013c1   Thumb Code     6  qeue.o(.text)
    insert                                   0x000013c7   Thumb Code    44  qeue.o(.text)
    removeData                               0x000013f3   Thumb Code    30  qeue.o(.text)
    __aeabi_memcpy4                          0x00001411   Thumb Code     0  rt_memcpy_w.o(.text)
    __aeabi_memcpy8                          0x00001411   Thumb Code     0  rt_memcpy_w.o(.text)
    __rt_memcpy_w                            0x00001411   Thumb Code   100  rt_memcpy_w.o(.text)
    _memcpy_lastbytes_aligned                0x00001459   Thumb Code     0  rt_memcpy_w.o(.text)
    __use_two_region_memory                  0x00001475   Thumb Code     2  heapauxi.o(.text)
    __rt_heap_escrow$2region                 0x00001477   Thumb Code     2  heapauxi.o(.text)
    __rt_heap_expand$2region                 0x00001479   Thumb Code     2  heapauxi.o(.text)
    ENABLE                                   0x20000000   Data           8  lcd.o(.data)
    REGSEL                                   0x20000008   Data           8  lcd.o(.data)
    blue                                     0x20000010   Data           8  main.o(.data)
    red                                      0x20000018   Data           8  main.o(.data)
    Data                                     0x20000020   Data          32  lcd.o(.bss)
    q                                        0x20000040   Data          92  main.o(.bss)



==============================================================================

Memory Map of the image

  Image Entry point : 0x0000026d

  Load Region LR_1 (Base: 0x00000000, Size: 0x0000149c, Max: 0xffffffff, ABSOLUTE)

    Execution Region ER_RO (Base: 0x00000000, Size: 0x0000147c, Max: 0xffffffff, ABSOLUTE)

    Base Addr    Size         Type   Attr      Idx    E Section Name        Object

    0x00000000   0x0000026c   Data   RO            3    RESET               startup_tm4c123.o
    0x0000026c   0x00000114   Code   RO            4  * .text               startup_tm4c123.o
    0x00000380   0x00000358   Code   RO           10    .text               lcd.o
    0x000006d8   0x0000012c   Code   RO           42    .text               main.o
    0x00000804   0x00000178   Code   RO           86    .text               switch.o
    0x0000097c   0x000000d8   Code   RO          104    .text               pot_adc.o
    0x00000a54   0x000007e8   Code   RO          128    .text               mcal_dio.o
    0x0000123c   0x0000013c   Code   RO          180    .text               mcal_uart5.o
    0x00001378   0x00000098   Code   RO          192    .text               qeue.o
    0x00001410   0x00000064   Code   RO          209    .text               c_w.l(rt_memcpy_w.o)
    0x00001474   0x00000006   Code   RO          211    .text               c_w.l(heapauxi.o)


    Execution Region ER_RW (Base: 0x20000000, Size: 0x00000020, Max: 0xffffffff, ABSOLUTE)

    Base Addr    Size         Type   Attr      Idx    E Section Name        Object

    0x20000000   0x00000010   Data   RW           12    .data               lcd.o
    0x20000010   0x00000010   Data   RW           44    .data               main.o


    Execution Region ER_ZI (Base: 0x20000020, Size: 0x00000280, Max: 0xffffffff, ABSOLUTE)

    Base Addr    Size         Type   Attr      Idx    E Section Name        Object

    0x20000020   0x00000020   Zero   RW           11    .bss                lcd.o
    0x20000040   0x0000005c   Zero   RW           43    .bss                main.o
    0x2000009c   0x00000004   PAD
    0x200000a0   0x00000000   Zero   RW            2    HEAP                startup_tm4c123.o
    0x200000a0   0x00000200   Zero   RW            1    STACK               startup_tm4c123.o


==============================================================================

Image component sizes


      Code (inc. data)   RO Data    RW Data    ZI Data      Debug   Object Name

       856         14          0         16         32       6486   lcd.o
       300         52          0         16         92       1659   main.o
      2024         24          0          0          0       4501   mcal_dio.o
       316         20          0          0          0       1119   mcal_uart5.o
       216         26          0          0          0        778   pot_adc.o
       152          0          0          0          0       2478   qeue.o
       276         24        620          0        512       5448   startup_tm4c123.o
       376         22          0          0          0       1307   switch.o

    ----------------------------------------------------------------------
      4516        182        620         32        640      23776   Object Totals
         0          0          0          0          0          0   (incl. Generated)
         0          0          0          0          4          0   (incl. Padding)

    ----------------------------------------------------------------------

      Code (inc. data)   RO Data    RW Data    ZI Data      Debug   Library Member Name

         6          0          0          0          0        152   heapauxi.o
       100          0          0          0          0         80   rt_memcpy_w.o

    ----------------------------------------------------------------------
       108          0          0          0          0        232   Library Totals
         2          0          0          0          0          0   (incl. Padding)

    ----------------------------------------------------------------------

      Code (inc. data)   RO Data    RW Data    ZI Data      Debug   Library Name

       106          0          0          0          0        232   c_w.l

    ----------------------------------------------------------------------
       108          0          0          0          0        232   Library Totals

    ----------------------------------------------------------------------

==============================================================================


      Code (inc. data)   RO Data    RW Data    ZI Data      Debug   

      4624        182        620         32        640      23208   Grand Totals
      4624        182        620         32        640      23208   ELF Image Totals
      4624        182        620         32          0          0   ROM Totals

==============================================================================

    Total RO  Size (Code + RO Data)                 5244 (   5.12kB)
    Total RW  Size (RW Data + ZI Data)               672 (   0.66kB)
    Total ROM Size (Code + RO Data + RW Data)       5276 (   5.15kB)

==============================================================================

