<html>
<body>
<pre>
<h1>µVision Build Log</h1>
<h2>Project:</h2>
D:\MohamedWork\College\Microcontrollers\Projects\Project2\Github\Micro2_EshmawyBranch\Whole parts\PART2\part2.uvproj
Project File Date:  05/12/2019

<h2>Output:</h2>
Build target 'Target 1'
compiling main.c...
main.c(65): warning:  #177-D: variable "x" was declared but never referenced
        char x;
main.c: 1 warning, 0 errors
linking...
Program Size: Code=4688 RO-data=620 RW-data=20 ZI-data=620  
".\part2.axf" - 0 Error(s), 1 Warning(s).
Load "D:\\MohamedWork\\College\\Microcontrollers\\Projects\\Project2\\Github\\Micro2_EshmawyBranch\\Whole parts\\PART2\\part2.axf" 
Connecting: Mode=JTAG, Speed=1000000Hz
Erase Done.
Programming Done.
Verify OK.
</pre>
</body>
</html>
