ARM Linker, 5.03 [Build 76] [MDK-ARM Lite]

==============================================================================

Section Cross References

    startup_tm4c123.o(STACK) refers (Special) to heapauxi.o(.text) for __use_two_region_memory
    startup_tm4c123.o(HEAP) refers (Special) to heapauxi.o(.text) for __use_two_region_memory
    startup_tm4c123.o(RESET) refers (Special) to heapauxi.o(.text) for __use_two_region_memory
    startup_tm4c123.o(RESET) refers to startup_tm4c123.o(STACK) for __initial_sp
    startup_tm4c123.o(RESET) refers to startup_tm4c123.o(.text) for Reset_Handler
    startup_tm4c123.o(RESET) refers to main.o(.text) for UART5_Handler
    startup_tm4c123.o(.text) refers (Special) to heapauxi.o(.text) for __use_two_region_memory
    startup_tm4c123.o(.text) refers to main.o(.text) for SystemInit
    startup_tm4c123.o(.text) refers to startup_tm4c123.o(HEAP) for Heap_Mem
    startup_tm4c123.o(.text) refers to startup_tm4c123.o(STACK) for Stack_Mem
    main.o(.text) refers to mcal_dio.o(.text) for initPin
    main.o(.text) refers to steppermotor.o(.text) for init_stepper_motor
    main.o(.text) refers to pwm.o(.text) for pwm_initt
    main.o(.text) refers to adc.o(.text) for ADC_Init
    main.o(.text) refers to mcal_uart5.o(.text) for UART5_Iterrupt_Init
    main.o(.text) refers to oneuart.o(.text) for Uart0_Init
    main.o(.text) refers to qeue.o(.text) for initQeue
    main.o(.text) refers to rt_memcpy_w.o(.text) for __aeabi_memcpy4
    main.o(.text) refers to main.o(.data) for red
    main.o(.text) refers to main.o(.bss) for q
    ic_l293d.o(.text) refers to rt_memcpy_w.o(.text) for __aeabi_memcpy4
    ic_l293d.o(.text) refers to mcal_dio.o(.text) for setPin
    steppermotor.o(.text) refers to rt_memcpy_w.o(.text) for __aeabi_memcpy4
    steppermotor.o(.text) refers to ic_l293d.o(.text) for enableSide1
    steppermotor.o(.text) refers to mcal_dio.o(.text) for initPin
    steppermotor.o(.text) refers to steppermotor.o(.bss) for motor
    pwm.o(.text) refers to pwm.o(.data) for delay
    qeue.o(.text) refers to rt_memcpy_w.o(.text) for __aeabi_memcpy4


==============================================================================

Removing Unused input sections from the image.

    Removing adc.o(.data), (4 bytes).
    Removing uart22.o(.text), (232 bytes).
    Removing oneuart.o(.data), (4 bytes).

3 unused section(s) (total 240 bytes) removed from the image.

==============================================================================

Image Symbol Table

    Local Symbols

    Symbol Name                              Value     Ov Type        Size  Object(Section)

    RESET                                    0x00000000   Section      620  startup_tm4c123.o(RESET)
    ../clib/heapaux.c                        0x00000000   Number         0  heapauxi.o ABSOLUTE
    ../clib/memcpset.s                       0x00000000   Number         0  rt_memcpy_w.o ABSOLUTE
    MCAL\ADC.c                               0x00000000   Number         0  adc.o ABSOLUTE
    MCAL\MCAL_DIO.c                          0x00000000   Number         0  mcal_dio.o ABSOLUTE
    MCAL\MCAL_UART5.c                        0x00000000   Number         0  mcal_uart5.o ABSOLUTE
    MCAL\ONEUART.c                           0x00000000   Number         0  oneuart.o ABSOLUTE
    MCAL\PWM.c                               0x00000000   Number         0  pwm.o ABSOLUTE
    MCAL\UART22.c                            0x00000000   Number         0  uart22.o ABSOLUTE
    dc.s                                     0x00000000   Number         0  dc.o ABSOLUTE
    drivers\IC_L293D.c                       0x00000000   Number         0  ic_l293d.o ABSOLUTE
    drivers\StepperMotor.c                   0x00000000   Number         0  steppermotor.o ABSOLUTE
    extra\qeue.c                             0x00000000   Number         0  qeue.o ABSOLUTE
    main.c                                   0x00000000   Number         0  main.o ABSOLUTE
    startup_TM4C123.s                        0x00000000   Number         0  startup_tm4c123.o ABSOLUTE
    .text                                    0x0000026c   Section      276  startup_tm4c123.o(.text)
    $v0                                      0x0000026c   Number         0  startup_tm4c123.o(.text)
    .text                                    0x00000380   Section        0  main.o(.text)
    .text                                    0x00000468   Section        0  ic_l293d.o(.text)
    .text                                    0x0000053c   Section        0  steppermotor.o(.text)
    .text                                    0x0000072c   Section        0  adc.o(.text)
    .text                                    0x00000818   Section        0  mcal_dio.o(.text)
    .text                                    0x00001000   Section        0  pwm.o(.text)
    .text                                    0x000011e4   Section        0  oneuart.o(.text)
    .text                                    0x00001270   Section        0  mcal_uart5.o(.text)
    .text                                    0x000013b8   Section        0  qeue.o(.text)
    .text                                    0x00001450   Section      100  rt_memcpy_w.o(.text)
    .text                                    0x000014b4   Section        0  heapauxi.o(.text)
    .data                                    0x20000000   Section       16  main.o(.data)
    .data                                    0x20000010   Section        4  pwm.o(.data)
    .bss                                     0x20000014   Section       52  main.o(.bss)
    .bss                                     0x20000048   Section       52  steppermotor.o(.bss)
    HEAP                                     0x20000080   Section        0  startup_tm4c123.o(HEAP)
    STACK                                    0x20000080   Section      512  startup_tm4c123.o(STACK)
    Heap_Mem                                 0x20000080   Data           0  startup_tm4c123.o(HEAP)
    Stack_Mem                                0x20000080   Data         512  startup_tm4c123.o(STACK)
    __initial_sp                             0x20000280   Data           0  startup_tm4c123.o(STACK)

    Global Symbols

    Symbol Name                              Value     Ov Type        Size  Object(Section)

    BuildAttributes$$THM_ISAv4$E$P$D$K$B$S$7EM$VFPi3$EXTD16$VFPS$VFMA$PE$A:L22UL41UL21$X:L11$S22US41US21$IEEE1$IW$USESV6$~STKCKD$USESV7$~SHL$OSPACE$ROPI$EBA8$STANDARDLIB$REQ8$PRES8$EABIv2 0x00000000   Number         0  anon$$obj.o ABSOLUTE
    __Vectors                                0x00000000   Data           4  startup_tm4c123.o(RESET)
    Reset_Handler                            0x0000026d   Thumb Code     8  startup_tm4c123.o(.text)
    __Vectors_End                            0x0000026c   Data           0  startup_tm4c123.o(RESET)
    __Vectors_Size                           0x0000026c   Number         0  startup_tm4c123.o ABSOLUTE
    NMI_Handler                              0x00000275   Thumb Code     2  startup_tm4c123.o(.text)
    HardFault_Handler                        0x00000277   Thumb Code     2  startup_tm4c123.o(.text)
    MemManage_Handler                        0x00000279   Thumb Code     2  startup_tm4c123.o(.text)
    BusFault_Handler                         0x0000027b   Thumb Code     2  startup_tm4c123.o(.text)
    UsageFault_Handler                       0x0000027d   Thumb Code     2  startup_tm4c123.o(.text)
    SVC_Handler                              0x0000027f   Thumb Code     2  startup_tm4c123.o(.text)
    DebugMon_Handler                         0x00000281   Thumb Code     2  startup_tm4c123.o(.text)
    PendSV_Handler                           0x00000283   Thumb Code     2  startup_tm4c123.o(.text)
    SysTick_Handler                          0x00000285   Thumb Code     2  startup_tm4c123.o(.text)
    GPIOA_Handler                            0x00000287   Thumb Code     2  startup_tm4c123.o(.text)
    GPIOB_Handler                            0x00000289   Thumb Code     2  startup_tm4c123.o(.text)
    GPIOC_Handler                            0x0000028b   Thumb Code     2  startup_tm4c123.o(.text)
    GPIOD_Handler                            0x0000028d   Thumb Code     2  startup_tm4c123.o(.text)
    GPIOE_Handler                            0x0000028f   Thumb Code     2  startup_tm4c123.o(.text)
    UART0_Handler                            0x00000291   Thumb Code     2  startup_tm4c123.o(.text)
    UART1_Handler                            0x00000293   Thumb Code     2  startup_tm4c123.o(.text)
    SSI0_Handler                             0x00000295   Thumb Code     2  startup_tm4c123.o(.text)
    I2C0_Handler                             0x00000297   Thumb Code     2  startup_tm4c123.o(.text)
    PMW0_FAULT_Handler                       0x00000299   Thumb Code     2  startup_tm4c123.o(.text)
    PWM0_0_Handler                           0x0000029b   Thumb Code     2  startup_tm4c123.o(.text)
    PWM0_1_Handler                           0x0000029d   Thumb Code     2  startup_tm4c123.o(.text)
    PWM0_2_Handler                           0x0000029f   Thumb Code     2  startup_tm4c123.o(.text)
    QEI0_Handler                             0x000002a1   Thumb Code     2  startup_tm4c123.o(.text)
    ADC0SS0_Handler                          0x000002a3   Thumb Code     2  startup_tm4c123.o(.text)
    ADC0SS1_Handler                          0x000002a5   Thumb Code     2  startup_tm4c123.o(.text)
    ADC0SS2_Handler                          0x000002a7   Thumb Code     2  startup_tm4c123.o(.text)
    ADC0SS3_Handler                          0x000002a9   Thumb Code     2  startup_tm4c123.o(.text)
    WDT0_Handler                             0x000002ab   Thumb Code     2  startup_tm4c123.o(.text)
    TIMER0A_Handler                          0x000002ad   Thumb Code     2  startup_tm4c123.o(.text)
    TIMER0B_Handler                          0x000002af   Thumb Code     2  startup_tm4c123.o(.text)
    TIMER1A_Handler                          0x000002b1   Thumb Code     2  startup_tm4c123.o(.text)
    TIMER1B_Handler                          0x000002b3   Thumb Code     2  startup_tm4c123.o(.text)
    TIMER2A_Handler                          0x000002b5   Thumb Code     2  startup_tm4c123.o(.text)
    TIMER2B_Handler                          0x000002b7   Thumb Code     2  startup_tm4c123.o(.text)
    COMP0_Handler                            0x000002b9   Thumb Code     2  startup_tm4c123.o(.text)
    COMP1_Handler                            0x000002bb   Thumb Code     2  startup_tm4c123.o(.text)
    COMP2_Handler                            0x000002bd   Thumb Code     2  startup_tm4c123.o(.text)
    SYSCTL_Handler                           0x000002bf   Thumb Code     2  startup_tm4c123.o(.text)
    FLASH_Handler                            0x000002c1   Thumb Code     2  startup_tm4c123.o(.text)
    GPIOF_Handler                            0x000002c3   Thumb Code     2  startup_tm4c123.o(.text)
    GPIOG_Handler                            0x000002c5   Thumb Code     2  startup_tm4c123.o(.text)
    GPIOH_Handler                            0x000002c7   Thumb Code     2  startup_tm4c123.o(.text)
    UART2_Handler                            0x000002c9   Thumb Code     2  startup_tm4c123.o(.text)
    SSI1_Handler                             0x000002cb   Thumb Code     2  startup_tm4c123.o(.text)
    TIMER3A_Handler                          0x000002cd   Thumb Code     2  startup_tm4c123.o(.text)
    TIMER3B_Handler                          0x000002cf   Thumb Code     2  startup_tm4c123.o(.text)
    I2C1_Handler                             0x000002d1   Thumb Code     2  startup_tm4c123.o(.text)
    QEI1_Handler                             0x000002d3   Thumb Code     2  startup_tm4c123.o(.text)
    CAN0_Handler                             0x000002d5   Thumb Code     2  startup_tm4c123.o(.text)
    CAN1_Handler                             0x000002d7   Thumb Code     2  startup_tm4c123.o(.text)
    CAN2_Handler                             0x000002d9   Thumb Code     2  startup_tm4c123.o(.text)
    HIB_Handler                              0x000002db   Thumb Code     2  startup_tm4c123.o(.text)
    USB0_Handler                             0x000002dd   Thumb Code     2  startup_tm4c123.o(.text)
    PWM0_3_Handler                           0x000002df   Thumb Code     2  startup_tm4c123.o(.text)
    UDMA_Handler                             0x000002e1   Thumb Code     2  startup_tm4c123.o(.text)
    UDMAERR_Handler                          0x000002e3   Thumb Code     2  startup_tm4c123.o(.text)
    ADC1SS0_Handler                          0x000002e5   Thumb Code     2  startup_tm4c123.o(.text)
    ADC1SS1_Handler                          0x000002e7   Thumb Code     2  startup_tm4c123.o(.text)
    ADC1SS2_Handler                          0x000002e9   Thumb Code     2  startup_tm4c123.o(.text)
    ADC1SS3_Handler                          0x000002eb   Thumb Code     2  startup_tm4c123.o(.text)
    GPIOJ_Handler                            0x000002ed   Thumb Code     2  startup_tm4c123.o(.text)
    GPIOK_Handler                            0x000002ef   Thumb Code     2  startup_tm4c123.o(.text)
    GPIOL_Handler                            0x000002f1   Thumb Code     2  startup_tm4c123.o(.text)
    SSI2_Handler                             0x000002f3   Thumb Code     2  startup_tm4c123.o(.text)
    SSI3_Handler                             0x000002f5   Thumb Code     2  startup_tm4c123.o(.text)
    UART3_Handler                            0x000002f7   Thumb Code     2  startup_tm4c123.o(.text)
    UART4_Handler                            0x000002f9   Thumb Code     2  startup_tm4c123.o(.text)
    UART6_Handler                            0x000002fd   Thumb Code     2  startup_tm4c123.o(.text)
    UART7_Handler                            0x000002ff   Thumb Code     2  startup_tm4c123.o(.text)
    I2C2_Handler                             0x00000301   Thumb Code     2  startup_tm4c123.o(.text)
    I2C3_Handler                             0x00000303   Thumb Code     2  startup_tm4c123.o(.text)
    TIMER4A_Handler                          0x00000305   Thumb Code     2  startup_tm4c123.o(.text)
    TIMER4B_Handler                          0x00000307   Thumb Code     2  startup_tm4c123.o(.text)
    TIMER5A_Handler                          0x00000309   Thumb Code     2  startup_tm4c123.o(.text)
    TIMER5B_Handler                          0x0000030b   Thumb Code     2  startup_tm4c123.o(.text)
    WTIMER0A_Handler                         0x0000030d   Thumb Code     2  startup_tm4c123.o(.text)
    WTIMER0B_Handler                         0x0000030f   Thumb Code     2  startup_tm4c123.o(.text)
    WTIMER1A_Handler                         0x00000311   Thumb Code     2  startup_tm4c123.o(.text)
    WTIMER1B_Handler                         0x00000313   Thumb Code     2  startup_tm4c123.o(.text)
    WTIMER2A_Handler                         0x00000315   Thumb Code     2  startup_tm4c123.o(.text)
    WTIMER2B_Handler                         0x00000317   Thumb Code     2  startup_tm4c123.o(.text)
    WTIMER3A_Handler                         0x00000319   Thumb Code     2  startup_tm4c123.o(.text)
    WTIMER3B_Handler                         0x0000031b   Thumb Code     2  startup_tm4c123.o(.text)
    WTIMER4A_Handler                         0x0000031d   Thumb Code     2  startup_tm4c123.o(.text)
    WTIMER4B_Handler                         0x0000031f   Thumb Code     2  startup_tm4c123.o(.text)
    WTIMER5A_Handler                         0x00000321   Thumb Code     2  startup_tm4c123.o(.text)
    WTIMER5B_Handler                         0x00000323   Thumb Code     2  startup_tm4c123.o(.text)
    FPU_Handler                              0x00000325   Thumb Code     2  startup_tm4c123.o(.text)
    I2C4_Handler                             0x00000327   Thumb Code     2  startup_tm4c123.o(.text)
    I2C5_Handler                             0x00000329   Thumb Code     2  startup_tm4c123.o(.text)
    GPIOM_Handler                            0x0000032b   Thumb Code     2  startup_tm4c123.o(.text)
    GPION_Handler                            0x0000032d   Thumb Code     2  startup_tm4c123.o(.text)
    QEI2_Handler                             0x0000032f   Thumb Code     2  startup_tm4c123.o(.text)
    GPIOP0_Handler                           0x00000331   Thumb Code     2  startup_tm4c123.o(.text)
    GPIOP1_Handler                           0x00000333   Thumb Code     2  startup_tm4c123.o(.text)
    GPIOP2_Handler                           0x00000335   Thumb Code     2  startup_tm4c123.o(.text)
    GPIOP3_Handler                           0x00000337   Thumb Code     2  startup_tm4c123.o(.text)
    GPIOP4_Handler                           0x00000339   Thumb Code     2  startup_tm4c123.o(.text)
    GPIOP5_Handler                           0x0000033b   Thumb Code     2  startup_tm4c123.o(.text)
    GPIOP6_Handler                           0x0000033d   Thumb Code     2  startup_tm4c123.o(.text)
    GPIOP7_Handler                           0x0000033f   Thumb Code     2  startup_tm4c123.o(.text)
    GPIOQ0_Handler                           0x00000341   Thumb Code     2  startup_tm4c123.o(.text)
    GPIOQ1_Handler                           0x00000343   Thumb Code     2  startup_tm4c123.o(.text)
    GPIOQ2_Handler                           0x00000345   Thumb Code     2  startup_tm4c123.o(.text)
    GPIOQ3_Handler                           0x00000347   Thumb Code     2  startup_tm4c123.o(.text)
    GPIOQ4_Handler                           0x00000349   Thumb Code     2  startup_tm4c123.o(.text)
    GPIOQ5_Handler                           0x0000034b   Thumb Code     2  startup_tm4c123.o(.text)
    GPIOQ6_Handler                           0x0000034d   Thumb Code     2  startup_tm4c123.o(.text)
    GPIOQ7_Handler                           0x0000034f   Thumb Code     2  startup_tm4c123.o(.text)
    GPIOR_Handler                            0x00000351   Thumb Code     2  startup_tm4c123.o(.text)
    GPIOS_Handler                            0x00000353   Thumb Code     2  startup_tm4c123.o(.text)
    PMW1_0_Handler                           0x00000355   Thumb Code     2  startup_tm4c123.o(.text)
    PWM1_1_Handler                           0x00000357   Thumb Code     2  startup_tm4c123.o(.text)
    PWM1_2_Handler                           0x00000359   Thumb Code     2  startup_tm4c123.o(.text)
    PWM1_3_Handler                           0x0000035b   Thumb Code     2  startup_tm4c123.o(.text)
    PWM1_FAULT_Handler                       0x0000035d   Thumb Code     2  startup_tm4c123.o(.text)
    __user_initial_stackheap                 0x00000361   Thumb Code     0  startup_tm4c123.o(.text)
    SystemInit                               0x00000381   Thumb Code    64  main.o(.text)
    __main                                   0x000003c1   Thumb Code    96  main.o(.text)
    UART5_Handler                            0x00000421   Thumb Code    60  main.o(.text)
    initL293D                                0x00000469   Thumb Code    74  ic_l293d.o(.text)
    enableSide1                              0x000004b3   Thumb Code    38  ic_l293d.o(.text)
    enableSide2                              0x000004d9   Thumb Code    38  ic_l293d.o(.text)
    driveSide1                               0x000004ff   Thumb Code    30  ic_l293d.o(.text)
    driveSide2                               0x0000051d   Thumb Code    30  ic_l293d.o(.text)
    initMotor                                0x0000053d   Thumb Code    56  steppermotor.o(.text)
    SysTick_Wait_ms                          0x00000575   Thumb Code    26  steppermotor.o(.text)
    rotateDegrees                            0x0000058f   Thumb Code   112  steppermotor.o(.text)
    init_stepper_motor                       0x000005ff   Thumb Code   220  steppermotor.o(.text)
    Rotate                                   0x000006db   Thumb Code    76  steppermotor.o(.text)
    ADC_Init                                 0x0000072d   Thumb Code   138  adc.o(.text)
    ADC0_GetSample                           0x000007b7   Thumb Code    40  adc.o(.text)
    send_temperature                         0x000007df   Thumb Code    32  adc.o(.text)
    initPin                                  0x00000819   Thumb Code  1598  mcal_dio.o(.text)
    setPin                                   0x00000e57   Thumb Code   280  mcal_dio.o(.text)
    setPins                                  0x00000f6f   Thumb Code    52  mcal_dio.o(.text)
    readPin                                  0x00000fa3   Thumb Code    86  mcal_dio.o(.text)
    pwm_init                                 0x00001001   Thumb Code   230  pwm.o(.text)
    pwm_initt                                0x000010e7   Thumb Code   172  pwm.o(.text)
    delayMs                                  0x00001193   Thumb Code    26  pwm.o(.text)
    LED                                      0x000011ad   Thumb Code    18  pwm.o(.text)
    Uart0_Init                               0x000011e5   Thumb Code    82  oneuart.o(.text)
    SendChar                                 0x00001237   Thumb Code    18  oneuart.o(.text)
    GetChar                                  0x00001249   Thumb Code    24  oneuart.o(.text)
    UART5_init                               0x00001271   Thumb Code    98  mcal_uart5.o(.text)
    UART5_printChar                          0x000012d3   Thumb Code    18  mcal_uart5.o(.text)
    UART5_getChar                            0x000012e5   Thumb Code    46  mcal_uart5.o(.text)
    UART5_Iterrupt_Init                      0x00001313   Thumb Code   146  mcal_uart5.o(.text)
    initQeue                                 0x000013b9   Thumb Code    32  qeue.o(.text)
    peek                                     0x000013d9   Thumb Code    10  qeue.o(.text)
    isEmpty                                  0x000013e3   Thumb Code    14  qeue.o(.text)
    isFull                                   0x000013f1   Thumb Code    16  qeue.o(.text)
    size                                     0x00001401   Thumb Code     6  qeue.o(.text)
    insert                                   0x00001407   Thumb Code    44  qeue.o(.text)
    removeData                               0x00001433   Thumb Code    30  qeue.o(.text)
    __aeabi_memcpy4                          0x00001451   Thumb Code     0  rt_memcpy_w.o(.text)
    __aeabi_memcpy8                          0x00001451   Thumb Code     0  rt_memcpy_w.o(.text)
    __rt_memcpy_w                            0x00001451   Thumb Code   100  rt_memcpy_w.o(.text)
    _memcpy_lastbytes_aligned                0x00001499   Thumb Code     0  rt_memcpy_w.o(.text)
    __use_two_region_memory                  0x000014b5   Thumb Code     2  heapauxi.o(.text)
    __rt_heap_escrow$2region                 0x000014b7   Thumb Code     2  heapauxi.o(.text)
    __rt_heap_expand$2region                 0x000014b9   Thumb Code     2  heapauxi.o(.text)
    red                                      0x20000000   Data           8  main.o(.data)
    green                                    0x20000008   Data           8  main.o(.data)
    delay                                    0x20000010   Data           4  pwm.o(.data)
    q                                        0x20000014   Data          52  main.o(.bss)
    motor                                    0x20000048   Data          52  steppermotor.o(.bss)



==============================================================================

Memory Map of the image

  Image Entry point : 0x0000026d

  Load Region LR_1 (Base: 0x00000000, Size: 0x000014d0, Max: 0xffffffff, ABSOLUTE)

    Execution Region ER_RO (Base: 0x00000000, Size: 0x000014bc, Max: 0xffffffff, ABSOLUTE)

    Base Addr    Size         Type   Attr      Idx    E Section Name        Object

    0x00000000   0x0000026c   Data   RO            3    RESET               startup_tm4c123.o
    0x0000026c   0x00000114   Code   RO            4  * .text               startup_tm4c123.o
    0x00000380   0x000000e8   Code   RO           10    .text               main.o
    0x00000468   0x000000d2   Code   RO           79    .text               ic_l293d.o
    0x0000053a   0x00000002   PAD
    0x0000053c   0x000001f0   Code   RO          106    .text               steppermotor.o
    0x0000072c   0x000000ec   Code   RO          124    .text               adc.o
    0x00000818   0x000007e8   Code   RO          151    .text               mcal_dio.o
    0x00001000   0x000001e4   Code   RO          175    .text               pwm.o
    0x000011e4   0x0000008c   Code   RO          205    .text               oneuart.o
    0x00001270   0x00000148   Code   RO          220    .text               mcal_uart5.o
    0x000013b8   0x00000098   Code   RO          232    .text               qeue.o
    0x00001450   0x00000064   Code   RO          249    .text               c_w.l(rt_memcpy_w.o)
    0x000014b4   0x00000006   Code   RO          251    .text               c_w.l(heapauxi.o)


    Execution Region ER_RW (Base: 0x20000000, Size: 0x00000014, Max: 0xffffffff, ABSOLUTE)

    Base Addr    Size         Type   Attr      Idx    E Section Name        Object

    0x20000000   0x00000010   Data   RW           12    .data               main.o
    0x20000010   0x00000004   Data   RW          176    .data               pwm.o


    Execution Region ER_ZI (Base: 0x20000014, Size: 0x0000026c, Max: 0xffffffff, ABSOLUTE)

    Base Addr    Size         Type   Attr      Idx    E Section Name        Object

    0x20000014   0x00000034   Zero   RW           11    .bss                main.o
    0x20000048   0x00000034   Zero   RW          107    .bss                steppermotor.o
    0x2000007c   0x00000004   PAD
    0x20000080   0x00000000   Zero   RW            2    HEAP                startup_tm4c123.o
    0x20000080   0x00000200   Zero   RW            1    STACK               startup_tm4c123.o


==============================================================================

Image component sizes


      Code (inc. data)   RO Data    RW Data    ZI Data      Debug   Object Name

       236         26          0          0          0       1023   adc.o
       210          0          0          0          0       3718   ic_l293d.o
       232         12          0         16         52       4568   main.o
      2024         24          0          0          0       4501   mcal_dio.o
       328         20          0          0          0       1123   mcal_uart5.o
       140         16          0          0          0        802   oneuart.o
       484         38          0          4          0       1249   pwm.o
       152          0          0          0          0       2478   qeue.o
       276         24        620          0        512       5452   startup_tm4c123.o
       496          6          0          0         52       2796   steppermotor.o

    ----------------------------------------------------------------------
      4580        166        620         20        620      27710   Object Totals
         0          0          0          0          0          0   (incl. Generated)
         2          0          0          0          4          0   (incl. Padding)

    ----------------------------------------------------------------------

      Code (inc. data)   RO Data    RW Data    ZI Data      Debug   Library Member Name

         6          0          0          0          0        152   heapauxi.o
       100          0          0          0          0         80   rt_memcpy_w.o

    ----------------------------------------------------------------------
       108          0          0          0          0        232   Library Totals
         2          0          0          0          0          0   (incl. Padding)

    ----------------------------------------------------------------------

      Code (inc. data)   RO Data    RW Data    ZI Data      Debug   Library Name

       106          0          0          0          0        232   c_w.l

    ----------------------------------------------------------------------
       108          0          0          0          0        232   Library Totals

    ----------------------------------------------------------------------

==============================================================================


      Code (inc. data)   RO Data    RW Data    ZI Data      Debug   

      4688        166        620         20        620      26742   Grand Totals
      4688        166        620         20        620      26742   ELF Image Totals
      4688        166        620         20          0          0   ROM Totals

==============================================================================

    Total RO  Size (Code + RO Data)                 5308 (   5.18kB)
    Total RW  Size (RW Data + ZI Data)               640 (   0.63kB)
    Total ROM Size (Code + RO Data + RW Data)       5328 (   5.20kB)

==============================================================================

