<html>
<body>
<pre>
<h1>µVision Build Log</h1>
<h2>Project:</h2>
C:\Users\moham\OneDrive\Desktop\Internal temperature\New folder\ADC_2nd.uvproj
Project File Date:  04/17/2019

<h2>Output:</h2>
Rebuild target 'Target 1'
assembling startup_TM4C123.s...
compiling main.c...
ADC.h(7): warning:  #1295-D: Deprecated declaration ADC_Init - give arg types
  void ADC_Init();
ADC.h(9): warning:  #1295-D: Deprecated declaration getString - give arg types
  char* getString();
ADC.h(12): warning:  #1-D: last line of file ends without a newline
        
main.c: 3 warnings, 0 errors
compiling ADC.c...
ADC.h(7): warning:  #1295-D: Deprecated declaration ADC_Init - give arg types
  void ADC_Init();
ADC.h(9): warning:  #1295-D: Deprecated declaration getString - give arg types
  char* getString();
ADC.h(12): warning:  #1-D: last line of file ends without a newline
        
ADC.c: 3 warnings, 0 errors
linking...
Program Size: Code=1020 RO-data=620 RW-data=4 ZI-data=516  
".\ADC_2nd.axf" - 0 Error(s), 6 Warning(s).
Load "C:\\Users\\moham\\OneDrive\\Desktop\\Internal temperature\\New folder\\ADC_2nd.axf" 
Connecting: Mode=JTAG, Speed=1000000Hz
Erase Done.
Programming Done.
Verify OK.
</pre>
</body>
</html>
rget DLL has been cancelled
ed: 1 information, 0 warning and 1 error messages.
".\ADC_2nd.axf" - 1 Error(s), 8 Warning(s).
Target not created

- 1 Error(s), 8 Warning(s).
Target not created
 and 2 error messages.
".\ADC_2nd.axf" - 2 Error(s), 8 Warning(s).
Target not created
