<html>
<body>
<pre>
<h1>µVision Build Log</h1>
<h2>Project:</h2>
C:\Users\moham\OneDrive\Desktop\MICRO 2\Micro2\drivers\Internal sensor\ddd.uvproj
Project File Date:  04/20/2019

<h2>Output:</h2>
Rebuild target 'Target 1'
assembling startup_TM4C123.s...
compiling main.c...
ADC.h(8): warning:  #1295-D: Deprecated declaration send_temperature - give arg types
  void send_temperature();
main.c: 1 warning, 0 errors
compiling ADC.c...
ADC.h(8): warning:  #1295-D: Deprecated declaration send_temperature - give arg types
  void send_temperature();
ADC.c: 1 warning, 0 errors
linking...
Program Size: Code=720 RO-data=620 RW-data=4 ZI-data=516  
".\ddd.axf" - 0 Error(s), 2 Warning(s).
Load "C:\\Users\\moham\\OneDrive\\Desktop\\MICRO 2\\Micro2\\drivers\\Internal sensor\\ddd.axf" 
Connecting: Mode=JTAG, Speed=1000000Hz
Erase Done.
Programming Done.
Verify OK.
</pre>
</body>
</html>
ize: Code=720 RO-data=620 RW-data=4 ZI-data=516  
".\ddd.axf" - 0 Error(s), 5 Warning(s).
Load "C:\\Users\\moham\\OneDrive\\Desktop\\MICRO 2\\Micro2\\drivers\\Internal sensor\\ddd.axf" 
Connecting: Mode=JTAG, Speed=1000000Hz
Erase Done.
Programming Done.
Verify OK.
